// Jest Snapshot v1, https://goo.gl/fbAQLP

exports[`<Movement /> should render correctly 1`] = `
<View
  style={
    [
      {
        "flex": 1,
      },
      {
        "paddingBottom": 20,
      },
    ]
  }
>
  <View
    style={
      [
        {
          "backgroundColor": "#CFD6FF",
          "marginBottom": 20,
          "paddingHorizontal": 20,
        },
        {
          "paddingTop": 80,
        },
      ]
    }
  >
    <Text
      style={
        {
          "fontSize": 24,
          "fontWeight": "800",
          "marginBottom": 10,
        }
      }
      testID="product-name"
    >
      Fantastic Granite Bacon
    </Text>
  </View>
  <View
    style={
      {
        "flex": 1,
        "paddingHorizontal": 20,
      }
    }
  >
    <View
      style={
        {
          "alignItems": "center",
          "aspectRatio": 1,
          "backgroundColor": "white",
          "borderRadius": 20,
          "elevation": 8,
          "justifyContent": "center",
          "shadowColor": "#000",
          "shadowOffset": {
            "height": 4,
            "width": 0,
          },
          "shadowOpacity": 0.3,
          "shadowRadius": 4.65,
          "width": "100%",
        }
      }
      testID="card-image"
    >
      <Image
        resizeMode="contain"
        source={
          {
            "uri": "https://loremflickr.com/640/480/technics",
          }
        }
        style={
          {
            "backgroundColor": "#F8F8F8",
            "height": "100%",
            "width": "100%",
          }
        }
        testID="product-image"
      />
    </View>
    <View
      style={
        {
          "flex": 1,
          "marginTop": 32,
        }
      }
    >
      <Text
        style={
          {
            "color": "#9B9898",
            "fontSize": 14,
            "fontWeight": "800",
          }
        }
        testID="product-details"
      >
        Detalles del producto:
      </Text>
      <Text
        style={
          {
            "fontSize": 16,
            "fontWeight": "800",
            "marginVertical": 20,
          }
        }
        testID="sale-date"
      >
        Comprado el 9 de diciembre, 2022
      </Text>
      <Text
        style={
          {
            "color": "#9B9898",
            "fontSize": 14,
            "fontWeight": "800",
          }
        }
        testID="points-details"
      >
        Con esta compra 
        acumulaste
        :
      </Text>
      <Text
        style={
          {
            "fontSize": 24,
            "fontWeight": "800",
            "marginVertical": 32,
          }
        }
        testID="points"
      >
        42416
         puntos
      </Text>
    </View>
    <View
      accessibilityState={
        {
          "busy": undefined,
          "checked": undefined,
          "disabled": undefined,
          "expanded": undefined,
          "selected": undefined,
        }
      }
      accessibilityValue={
        {
          "max": undefined,
          "min": undefined,
          "now": undefined,
          "text": undefined,
        }
      }
      accessible={true}
      collapsable={false}
      focusable={true}
      onClick={[Function]}
      onResponderGrant={[Function]}
      onResponderMove={[Function]}
      onResponderRelease={[Function]}
      onResponderTerminate={[Function]}
      onResponderTerminationRequest={[Function]}
      onStartShouldSetResponder={[Function]}
      style={
        {
          "backgroundColor": "rgb(0, 122, 255)",
          "borderRadius": 10,
          "opacity": 1,
          "padding": 15,
          "width": "100%",
        }
      }
      testID="button"
    >
      <Text
        style={
          {
            "color": "white",
            "fontSize": 14,
            "fontWeight": "800",
            "textAlign": "center",
          }
        }
        testID="button-title"
      >
        Aceptar
      </Text>
    </View>
  </View>
</View>
`;
