// Jest Snapshot v1, https://goo.gl/fbAQLP

exports[`<Product /> should render correctly 1`] = `
<View>
  <Text>
    Product Screen
  </Text>
</View>
`;
