// Jest Snapshot v1, https://goo.gl/fbAQLP

exports[`<App /> renders correctly 1`] = `
<View
  style={
    {
      "flex": 1,
    }
  }
>
  <RNCSafeAreaProvider
    onInsetsChange={[Function]}
    style={
      [
        {
          "flex": 1,
        },
        undefined,
      ]
    }
  >
    <View
      style={
        [
          {
            "backgroundColor": "#F8F8F8",
            "flex": 1,
          },
          undefined,
        ]
      }
    >
      <RNSScreenContainer
        onLayout={[Function]}
        style={
          {
            "flex": 1,
          }
        }
      >
        <RNSScreen
          activityState={2}
          collapsable={false}
          forwardedRef={[Function]}
          gestureResponseDistance={
            {
              "bottom": -1,
              "end": -1,
              "start": -1,
              "top": -1,
            }
          }
          pointerEvents="box-none"
          style={
            {
              "bottom": 0,
              "left": 0,
              "position": "absolute",
              "right": 0,
              "top": 0,
            }
          }
        >
          <View
            collapsable={false}
            style={
              {
                "opacity": 1,
              }
            }
          />
          <View
            accessibilityElementsHidden={false}
            closing={false}
            gestureVelocityImpact={0.3}
            importantForAccessibility="auto"
            onClose={[Function]}
            onGestureBegin={[Function]}
            onGestureCanceled={[Function]}
            onGestureEnd={[Function]}
            onOpen={[Function]}
            onTransition={[Function]}
            pointerEvents="box-none"
            style={
              [
                {
                  "display": "flex",
                  "overflow": undefined,
                },
                {
                  "bottom": 0,
                  "left": 0,
                  "position": "absolute",
                  "right": 0,
                  "top": 0,
                },
              ]
            }
            transitionSpec={
              {
                "close": {
                  "animation": "spring",
                  "config": {
                    "damping": 500,
                    "mass": 3,
                    "overshootClamping": true,
                    "restDisplacementThreshold": 10,
                    "restSpeedThreshold": 10,
                    "stiffness": 1000,
                  },
                },
                "open": {
                  "animation": "spring",
                  "config": {
                    "damping": 500,
                    "mass": 3,
                    "overshootClamping": true,
                    "restDisplacementThreshold": 10,
                    "restSpeedThreshold": 10,
                    "stiffness": 1000,
                  },
                },
              }
            }
          >
            <View
              collapsable={false}
              pointerEvents="box-none"
              style={
                {
                  "flex": 1,
                  "marginTop": 0,
                }
              }
            >
              <View
                collapsable={false}
                forwardedRef={[Function]}
                handlerTag={1}
                handlerType="PanGestureHandler"
                needsOffscreenAlphaCompositing={false}
                onGestureHandlerEvent={[Function]}
                onGestureHandlerStateChange={[Function]}
                style={
                  {
                    "flex": 1,
                    "transform": [
                      {
                        "translateX": 0,
                      },
                      {
                        "translateX": 0,
                      },
                    ],
                  }
                }
              >
                <View
                  pointerEvents="box-none"
                  style={
                    [
                      {
                        "flex": 1,
                        "overflow": "hidden",
                      },
                      [
                        {
                          "backgroundColor": "#F8F8F8",
                        },
                        undefined,
                      ],
                    ]
                  }
                >
                  <View
                    style={
                      {
                        "flex": 1,
                        "flexDirection": "column-reverse",
                      }
                    }
                  >
                    <View
                      style={
                        {
                          "flex": 1,
                        }
                      }
                    >
                      <View
                        style={
                          [
                            {
                              "flex": 1,
                              "paddingHorizontal": 20,
                            },
                            {
                              "paddingBottom": 0,
                              "paddingTop": 0,
                            },
                          ]
                        }
                      >
                        <View
                          style={
                            {
                              "paddingTop": 20,
                            }
                          }
                        >
                          <Text
                            style={
                              [
                                {
                                  "fontSize": 20,
                                  "fontWeight": "400",
                                },
                                {
                                  "fontWeight": "800",
                                },
                              ]
                            }
                            testID="welcome-message"
                          >
                            Bienvenido de vuelta!
                          </Text>
                          <Text
                            style={
                              [
                                {
                                  "fontSize": 20,
                                  "fontWeight": "400",
                                },
                              ]
                            }
                            testID="user-name"
                          >
                            Ruben Rodr√≠guez
                          </Text>
                        </View>
                      </View>
                    </View>
                  </View>
                </View>
              </View>
            </View>
          </View>
        </RNSScreen>
      </RNSScreenContainer>
      <View
        collapsable={false}
        pointerEvents="box-none"
        style={
          {
            "height": 44,
            "left": 0,
            "position": "absolute",
            "right": 0,
            "top": 0,
            "zIndex": 1,
          }
        }
      />
    </View>
  </RNCSafeAreaProvider>
</View>
`;
