// Jest Snapshot v1, https://goo.gl/fbAQLP

exports[`<Button /> should render correctly 1`] = `
<View
  accessibilityState={
    {
      "busy": undefined,
      "checked": undefined,
      "disabled": undefined,
      "expanded": undefined,
      "selected": undefined,
    }
  }
  accessibilityValue={
    {
      "max": undefined,
      "min": undefined,
      "now": undefined,
      "text": undefined,
    }
  }
  accessible={true}
  collapsable={false}
  focusable={false}
  onClick={[Function]}
  onResponderGrant={[Function]}
  onResponderMove={[Function]}
  onResponderRelease={[Function]}
  onResponderTerminate={[Function]}
  onResponderTerminationRequest={[Function]}
  onStartShouldSetResponder={[Function]}
  style={
    {
      "backgroundColor": "rgb(0, 122, 255)",
      "borderRadius": 10,
      "opacity": 1,
      "padding": 15,
      "width": "100%",
    }
  }
  testID="button"
>
  <Text
    style={
      {
        "color": "white",
        "fontSize": 14,
        "fontWeight": "800",
        "textAlign": "center",
      }
    }
    testID="button-title"
  />
</View>
`;
