// Jest Snapshot v1, https://goo.gl/fbAQLP

exports[`<EmptyMovementsList /> should render correctly 1`] = `
<Text
  style={
    {
      "fontSize": 16,
      "fontWeight": "400",
      "textAlign": "center",
    }
  }
  testID="empty-message"
>
  No hay movimientos disponibles.
</Text>
`;
