// Jest Snapshot v1, https://goo.gl/fbAQLP

exports[`<MovementCard /> should render correctly 1`] = `
<View
  accessibilityState={
    {
      "busy": undefined,
      "checked": undefined,
      "disabled": undefined,
      "expanded": undefined,
      "selected": undefined,
    }
  }
  accessibilityValue={
    {
      "max": undefined,
      "min": undefined,
      "now": undefined,
      "text": undefined,
    }
  }
  accessible={true}
  collapsable={false}
  focusable={true}
  onClick={[Function]}
  onResponderGrant={[Function]}
  onResponderMove={[Function]}
  onResponderRelease={[Function]}
  onResponderTerminate={[Function]}
  onResponderTerminationRequest={[Function]}
  onStartShouldSetResponder={[Function]}
  style={
    {
      "opacity": 1,
    }
  }
  testID="card"
>
  <View
    collapsable={false}
    style={
      {
        "alignItems": "center",
        "flexDirection": "row",
        "opacity": 0,
        "overflow": "hidden",
      }
    }
  >
    <Image
      resizeMode="contain"
      source={
        {
          "uri": "https://loremflickr.com/640/480/technics",
        }
      }
      style={
        {
          "borderRadius": 5,
          "height": 55,
          "resizeMode": "contain",
          "width": 55,
        }
      }
      testID="image"
    />
    <View
      style={
        {
          "justifyContent": "center",
          "marginLeft": 10,
          "maxWidth": "50%",
        }
      }
    >
      <Text
        style={
          {
            "fontWeight": "800",
          }
        }
        testID="name"
      >
        Fantastic Granite Bacon
      </Text>
      <Text
        style={
          [
            {
              "fontSize": 12,
              "fontWeight": "400",
            },
            {
              "marginTop": 2,
            },
          ]
        }
        testID="date"
      >
        9 de diciembre, 2022
      </Text>
    </View>
    <View
      style={
        {
          "alignItems": "center",
          "flex": 1,
          "flexDirection": "row",
          "justifyContent": "flex-end",
        }
      }
    >
      <Text />
      <Text
        style={
          {
            "fontSize": 16,
            "fontWeight": "800",
          }
        }
        testID="points"
      >
        42416
      </Text>
    </View>
    <Text />
  </View>
</View>
`;
