// Jest Snapshot v1, https://goo.gl/fbAQLP

exports[`<MovementItemListItemSeparator /> should render correctly 1`] = `
<View
  style={
    {
      "height": 5,
    }
  }
/>
`;
